// Jest Snapshot v1, https://goo.gl/fbAQLP

exports[`<Loader /> Matches snapshot 1`] = `ShallowWrapper {}`;
